// Jest Snapshot v1, https://goo.gl/fbAQLP

exports[`Header renders 1`] = `
.c0 {
  background-color: #222;
  height: 3.125rem;
  padding: 1.25rem;
  color: #fff;
}

.c1 {
  font-size: 1.5em;
}

<Header>
  <styled.header>
    <header
      className="c0"
    >
      <styled.h1>
        <h1
          className="c1"
        >
          Velkommen til React
        </h1>
      </styled.h1>
    </header>
  </styled.header>
</Header>
`;
